10.0.12.45 - - [01/Apr/2026:03:12:07 +0000] "GET /index.html HTTP/1.1" 200 4523 "-" "Mozilla/5.0 (Windows NT 10.0; Win64; x64) AppleWebKit/537.36 (KHTML, like Gecko) Chrome/118.0.5938.115 Safari/537.36"
172.16.3.7 - - [01/Apr/2026:03:45:22 +0000] "POST /login HTTP/1.1" 302 125 "-" "curl/7.83.1"
192.168.1.101 - - [01/Apr/2026:04:21:33 +0000] "GET /assets/css/main.css HTTP/1.1" 200 8234 "-" "Mozilla/5.0 (Macintosh; Intel Mac OS X 14_3_1) AppleWebKit/605.1.15 (KHTML, like Gecko) Version/15.5 Safari/605.1.15"
203.0.113.19 - - [01/Apr/2026:04:55:14 +0000] "GET /api/v1/metrics HTTP/1.1" 200 467 "-" "Prometheus/2.55.0"
198.51.100.12 - - [01/Apr/2026:05:03:42 +0000] "GET /robots.txt HTTP/1.1" 200 76 "-" "Googlebot/2.1 (+http://www.google.com/bot.html)"
203.0.113.19 - - [01/Apr/2026:05:04:05 +0000] "GET /api/v1/metrics HTTP/1.1" 200 467 "-" "Prometheus/2.55.0"
10.1.20.35 - - [01/Apr/2026:06:12:09 +0000] "GET /contact.html HTTP/1.1" 200 1987 "-" "Mozilla/5.0 (iPhone; CPU iPhone OS 18_0 like Mac OS X) AppleWebKit/605.1.15 (KHTML, like Gecko) Version/18.0 Mobile/18A373 Safari/604.1"
76.239.65.47 - - [01/Apr/2026:07:23:58 +0000] "GET /admin/login.html HTTP/1.1" 403 632 "-" "Mozilla/5.0 (compatible; MSIE 10.0; Windows NT 6.1; Trident/6.0)"
10.0.12.45 - - [01/Apr/2026:07:30:12 +0000] "GET /assets/js/app.js HTTP/1.1" 200 15432 "-" "Mozilla/5.0 (Windows NT 10.0; Win64; x64) AppleWebKit/537.36 (KHTML, like Gecko) Chrome/118.0.5938.115 Safari/537.36"
10.0.12.45 - - [01/Apr/2026:08:50:11 +0000] "GET /privacy.html HTTP/1.1" 200 2410 "-" "Mozilla/5.0 (Windows NT 10.0; Win64; x64) AppleWebKit/537.36 (KHTML, like Gecko) Chrome/118.0.5938.115 Safari/537.36"
172.16.3.7 - - [01/Apr/2026:09:14:43 +0000] "GET /dashboard HTTP/1.1" 200 3589 "-" "curl/7.83.1"
10.1.20.35 - - [01/Apr/2026:09:45:27 +0000] "GET /about.html HTTP/1.1" 200 9025 "-" "Mozilla/5.0 (iPad; CPU OS 18_0 like Mac OS X) AppleWebKit/605.1.15 (KHTML, like Gecko) Version/18.0 Mobile/18A373 Safari/604.1"
10.0.12.45 - - [01/Apr/2026:10:02:34 +0000] "GET /blog/2026/04/hadoop-archives HTTP/1.1" 200 2387 "-" "Mozilla/5.0 (Windows NT 10.0; Win64; x64) AppleWebKit/537.36 (KHTML, like Gecko) Chrome/118.0.5938.115 Safari/537.36"
198.51.100.12 - - [01/Apr/2026:10:24:58 +0000] "GET /favicon.ico HTTP/1.1" 200 634 "-" "Googlebot/2.1 (+http://www.google.com/bot.html)"
203.0.113.19 - - [01/Apr/2026:10:47:01 +0000] "GET /api/v1/metrics HTTP/1.1" 503 112 "-" "Prometheus/2.55.0"
10.10.0.5 - - [01/Apr/2026:11:05:59 +0000] "POST /api/v1/data HTTP/1.1" 500 45 "-" "PostmanRuntime/7.32.0"
192.168.1.101 - - [01/Apr/2026:11:30:10 +0000] "GET /assets/img/logo.png HTTP/1.1" 200 1258 "-" "Mozilla/5.0 (Macintosh; Intel Mac OS X 14_3_1) AppleWebKit/605.1.15 (KHTML, like Gecko) Version/15.5 Safari/605.1.15"
172.16.3.7 - - [01/Apr/2026:12:02:27 +0000] "GET /logout HTTP/1.1" 302 98 "-" "curl/7.83.1"
10.0.12.45 - - [01/Apr/2026:12:15:42 +0000] "GET /services.html HTTP/1.1" 200 3124 "-" "Mozilla/5.0 (Windows NT 10.0; Win64; x64) AppleWebKit/537.36 (KHTML, like Gecko) Chrome/118.0.5938.115 Safari/537.36"
203.0.113.19 - - [01/Apr/2026:12:30:13 +0000] "GET /api/v1/metrics HTTP/1.1" 200 467 "-" "Prometheus/2.55.0"
10.1.20.35 - - [01/Apr/2026:13:07:05 +0000] "GET /terms.html HTTP/1.1" 200 1990 "-" "Mozilla/5.0 (iPad; CPU OS 18_0 like Mac OS X) AppleWebKit/605.1.15 (KHTML, like Gecko) Version/18.0 Mobile/18A373 Safari/604.1"
198.51.100.12 - - [01/Apr/2026:13:22:56 +0000] "GET /google-ads.txt HTTP/1.1" 200 119 "-" "Googlebot/2.1 (+http://www.google.com/bot.html)"
10.0.12.45 - - [01/Apr/2026:14:01:33 +0000] "GET /api/v1/users HTTP/1.1" 200 2876 "-" "Mozilla/5.0 (Windows NT 10.0; Win64; x64) AppleWebKit/537.36 (KHTML, like Gecko) Chrome/118.0.5938.115 Safari/537.36"
172.16.3.7 - - [01/Apr/2026:14:45:14 +0000] "GET /profile HTTP/1.1" 200 1825 "-" "curl/7.83.1"
192.168.1.101 - - [01/Apr/2026:15:10:27 +0000] "GET /news/2026/04/techtrends HTTP/1.1" 200 4291 "-" "Mozilla/5.0 (Macintosh; Intel Mac OS X 14_3_1) AppleWebKit/605.1.15 (KHTML, like Gecko) Version/15.5 Safari/605.1.15"
10.1.20.35 - - [01/Apr/2026:15:38:50 +0000] "GET /ios-app-download HTTP/1.1" 200 1580 "-" "Mozilla/5.0 (iPhone; CPU iPhone OS 18_0 like Mac OS X) AppleWebKit/605.1.15 (KHTML, like Gecko) Version/18.0 Mobile/18A373 Safari/604.1"
203.0.113.19 - - [01/Apr/2026:16:00:22 +0000] "GET /api/v1/metrics HTTP/1.1" 200 467 "-" "Prometheus/2.55.0"
10.0.12.45 - - [01/Apr/2026:16:23:41 +0000] "GET /blog/2026/04/apache-logs HTTP/1.1" 200 2120 "-" "Mozilla/5.0 (Windows NT 10.0; Win64; x64) AppleWebKit/537.36 (KHTML, like Gecko) Chrome/118.0.5938.115 Safari/537.36"
198.51.100.12 - - [01/Apr/2026:16:45:12 +0000] "GET /ads.txt HTTP/1.1" 200 123 "-" "Googlebot/2.1 (+http://www.google.com/bot.html)"
172.16.3.7 - - [01/Apr/2026:17:10:17 +0000] "GET /admin/dashboard HTTP/1.1" 302 134 "-" "curl/7.83.1"
10.1.20.35 - - [01/Apr/2026:17:55:38 +0000] "GET /mac-app-download HTTP/1.1" 200 1523 "-" "Mozilla/5.0 (Macintosh; Intel Mac OS X 14_3_1) AppleWebKit/605.1.15 (KHTML, like Gecko) Version/15.5 Safari/605.1.15"
